node : (node:7980) 
[MODULE_TYPELESS_PACKAGE_JSON] 
Warning: Module type of file:///C:/Use
rs/mihir/OneDrive/Desktop/SmartBuy/lib
/prisma.js is not specified and it 
doesn't parse as CommonJS.
At line:1 char:1
+ node test-db.mjs > test-output.txt 
2>&1; cat test-output.txt
+ ~~~~~~~~~~~~~~~~~~~~~~~~~~~~~~~~~~~~
~~~
    + CategoryInfo          : NotSpec 
   ified: ((node:7980) [MO...se as C  
  ommonJS.:String) [], RemoteExcept   
 ion
    + FullyQualifiedErrorId : NativeC 
   ommandError
 
Reparsing as ES module because module 
syntax was detected. This incurs a 
performance overhead.
To eliminate this warning, add 
"type": "module" to C:\Users\mihir\One
Drive\Desktop\SmartBuy\package.json.
(Use `node --trace-warnings ...` to 
show where the warning was created)
prisma:tryLoadEnv Environment 
variables not found at null +21ms
prisma:tryLoadEnv Environment 
variables loaded from C:\Users\mihir\O
neDrive\Desktop\SmartBuy\.env +0ms
prisma:client 
checkPlatformCaching:postinstall 
undefined +3ms
prisma:client 
checkPlatformCaching:ciName undefined 
+0ms
prisma:tryLoadEnv Environment 
variables not found at null +1ms
prisma:tryLoadEnv Environment 
variables loaded from C:\Users\mihir\O
neDrive\Desktop\SmartBuy\.env +0ms
prisma:client dirname C:\Users\mihir\O
neDrive\Desktop\SmartBuy\node_modules\
.prisma\client +3ms
prisma:client relativePath 
../../../prisma +0ms
prisma:client cwd C:\Users\mihir\OneDr
ive\Desktop\SmartBuy\prisma +1ms
prisma:client clientVersion 6.19.1 
+0ms
prisma:client:libraryEngine 
internalSetup +1ms
Testing database connection...
prisma:client Prisma Client call: +4ms
prisma:client prisma.product.count({
  select: {
    _count: {
      select: {
        _all: true
      }
    }
  }
}) +1ms
prisma:client Generated request: +0ms
prisma:client {
  "modelName": "Product",
  "action": "aggregate",
  "query": {
    "arguments": {},
    "selection": {
      "_count": {
        "arguments": {},
        "selection": {
          "_all": true
        }
      }
    }
  }
}
 +0ms
prisma:client:libraryEngine sending 
request, this.libraryStarted: false 
+1ms
prisma:client:engines:resolveEnginePat
h enginePath C:\Users\mihir\OneDrive\D
esktop\SmartBuy\node_modules\.prisma\c
lient\query_engine-windows.dll.node 
+1ms
prisma:client:libraryEngine library 
starting +8ms
prisma:client:libraryEngine library 
started +464ms
prisma:query SELECT COUNT(*) AS `_count$_all` FROM (SELECT `defaultdb`.`Product`.`id` FROM `defaultdb`.`Product` WHERE 1=1) AS `sub`
Connection successful! Product count: 0
prisma:client:libraryEngine library 
stopping +219ms
prisma:client:libraryEngine library 
stopped +1ms
